// Jest Snapshot v1, https://goo.gl/fbAQLP

exports[`renders when true 1`] = `
<div>
  Hello there
</div>
`;
